2025-11-24T08:03:43,113 [] [main] INFO  com.murali.customer_service.CustomerServiceApplication - Starting CustomerServiceApplication v0.0.1-SNAPSHOT using Java 21.0.9 with PID 19380 (D:\1. ABrainCode\ProjectHub\SprinbootMicro\workspace\customer-service\target\customer-service-0.0.1-SNAPSHOT.jar started by murali.p in D:\1. ABrainCode\ProjectHub\SprinbootMicro\workspace\customer-service)
2025-11-24T08:03:43,123 [] [main] DEBUG com.murali.customer_service.CustomerServiceApplication - Running with Spring Boot v3.4.12, Spring v6.2.14
2025-11-24T08:03:43,125 [] [main] INFO  com.murali.customer_service.CustomerServiceApplication - No active profile set, falling back to 1 default profile: "default"
2025-11-24T08:03:43,880 [] [main] DEBUG io.github.resilience4j.spring6.utils.RxJava2OnClasspathCondition - RxJava2 related Aspect extensions are not activated, because RxJava2 is not on the classpath.
2025-11-24T08:03:43,889 [] [main] DEBUG io.github.resilience4j.spring6.utils.RxJava3OnClasspathCondition - RxJava3 related Aspect extensions are not activated, because RxJava3 is not on the classpath.
2025-11-24T08:03:43,892 [] [main] DEBUG io.github.resilience4j.spring6.utils.ReactorOnClasspathCondition - Reactor related Aspect extensions are not activated because Reactor is not on the classpath.
2025-11-24T08:03:43,908 [] [main] DEBUG io.github.resilience4j.spring6.utils.RxJava2OnClasspathCondition - RxJava2 related Aspect extensions are not activated, because RxJava2 is not on the classpath.
2025-11-24T08:03:43,909 [] [main] DEBUG io.github.resilience4j.spring6.utils.RxJava3OnClasspathCondition - RxJava3 related Aspect extensions are not activated, because RxJava3 is not on the classpath.
2025-11-24T08:03:43,910 [] [main] DEBUG io.github.resilience4j.spring6.utils.ReactorOnClasspathCondition - Reactor related Aspect extensions are not activated because Reactor is not on the classpath.
2025-11-24T08:03:43,947 [] [main] DEBUG io.github.resilience4j.spring6.utils.RxJava2OnClasspathCondition - RxJava2 related Aspect extensions are not activated, because RxJava2 is not on the classpath.
2025-11-24T08:03:43,948 [] [main] DEBUG io.github.resilience4j.spring6.utils.RxJava3OnClasspathCondition - RxJava3 related Aspect extensions are not activated, because RxJava3 is not on the classpath.
2025-11-24T08:03:43,948 [] [main] DEBUG io.github.resilience4j.spring6.utils.ReactorOnClasspathCondition - Reactor related Aspect extensions are not activated because Reactor is not on the classpath.
2025-11-24T08:03:43,968 [] [main] DEBUG io.github.resilience4j.spring6.utils.RxJava2OnClasspathCondition - RxJava2 related Aspect extensions are not activated, because RxJava2 is not on the classpath.
2025-11-24T08:03:43,969 [] [main] DEBUG io.github.resilience4j.spring6.utils.RxJava3OnClasspathCondition - RxJava3 related Aspect extensions are not activated, because RxJava3 is not on the classpath.
2025-11-24T08:03:43,970 [] [main] DEBUG io.github.resilience4j.spring6.utils.ReactorOnClasspathCondition - Reactor related Aspect extensions are not activated because Reactor is not on the classpath.
2025-11-24T08:03:43,989 [] [main] DEBUG io.github.resilience4j.spring6.utils.RxJava2OnClasspathCondition - RxJava2 related Aspect extensions are not activated, because RxJava2 is not on the classpath.
2025-11-24T08:03:43,990 [] [main] DEBUG io.github.resilience4j.spring6.utils.RxJava3OnClasspathCondition - RxJava3 related Aspect extensions are not activated, because RxJava3 is not on the classpath.
2025-11-24T08:03:43,990 [] [main] DEBUG io.github.resilience4j.spring6.utils.ReactorOnClasspathCondition - Reactor related Aspect extensions are not activated because Reactor is not on the classpath.
2025-11-24T08:03:44,007 [] [main] DEBUG io.github.resilience4j.spring6.utils.RxJava2OnClasspathCondition - RxJava2 related Aspect extensions are not activated, because RxJava2 is not on the classpath.
2025-11-24T08:03:44,008 [] [main] DEBUG io.github.resilience4j.spring6.utils.RxJava3OnClasspathCondition - RxJava3 related Aspect extensions are not activated, because RxJava3 is not on the classpath.
2025-11-24T08:03:44,009 [] [main] DEBUG io.github.resilience4j.spring6.utils.ReactorOnClasspathCondition - Reactor related Aspect extensions are not activated because Reactor is not on the classpath.
2025-11-24T08:03:44,028 [] [main] DEBUG io.github.resilience4j.spring6.utils.RxJava2OnClasspathCondition - RxJava2 related Aspect extensions are not activated, because RxJava2 is not on the classpath.
2025-11-24T08:03:44,029 [] [main] DEBUG io.github.resilience4j.spring6.utils.RxJava3OnClasspathCondition - RxJava3 related Aspect extensions are not activated, because RxJava3 is not on the classpath.
2025-11-24T08:03:44,029 [] [main] DEBUG io.github.resilience4j.spring6.utils.ReactorOnClasspathCondition - Reactor related Aspect extensions are not activated because Reactor is not on the classpath.
2025-11-24T08:03:44,982 [] [main] INFO  org.springframework.boot.web.embedded.tomcat.TomcatWebServer - Tomcat initialized with port 8080 (http)
2025-11-24T08:03:44,996 [] [main] INFO  org.apache.coyote.http11.Http11NioProtocol - Initializing ProtocolHandler ["http-nio-8080"]
2025-11-24T08:03:44,998 [] [main] INFO  org.apache.catalina.core.StandardService - Starting service [Tomcat]
2025-11-24T08:03:44,998 [] [main] INFO  org.apache.catalina.core.StandardEngine - Starting Servlet engine: [Apache Tomcat/10.1.49]
2025-11-24T08:03:45,049 [] [main] INFO  org.apache.catalina.core.ContainerBase.[Tomcat].[localhost].[/] - Initializing Spring embedded WebApplicationContext
2025-11-24T08:03:45,052 [] [main] INFO  org.springframework.boot.web.servlet.context.ServletWebServerApplicationContext - Root WebApplicationContext: initialization completed in 1873 ms
2025-11-24T08:03:47,961 [] [main] INFO  org.springframework.boot.actuate.endpoint.web.EndpointLinksResolver - Exposing 3 endpoints beneath base path '/actuator'
2025-11-24T08:03:48,023 [] [main] INFO  org.apache.coyote.http11.Http11NioProtocol - Starting ProtocolHandler ["http-nio-8080"]
2025-11-24T08:03:48,075 [] [main] INFO  org.springframework.boot.web.embedded.tomcat.TomcatWebServer - Tomcat started on port 8080 (http) with context path '/'
2025-11-24T08:03:48,090 [] [main] INFO  com.murali.customer_service.CustomerServiceApplication - Started CustomerServiceApplication in 5.417 seconds (process running for 6.545)
2025-11-24T08:05:57,928 [] [http-nio-8080-exec-2] INFO  org.apache.catalina.core.ContainerBase.[Tomcat].[localhost].[/] - Initializing Spring DispatcherServlet 'dispatcherServlet'
2025-11-24T08:05:57,929 [] [http-nio-8080-exec-2] INFO  org.springframework.web.servlet.DispatcherServlet - Initializing Servlet 'dispatcherServlet'
2025-11-24T08:05:57,932 [] [http-nio-8080-exec-2] INFO  org.springframework.web.servlet.DispatcherServlet - Completed initialization in 1 ms
2025-11-24T08:05:58,016 [] [http-nio-8080-exec-2] DEBUG io.github.resilience4j.spring6.circuitbreaker.configure.CircuitBreakerAspect - Created or retrieved circuit breaker 'customerCB' with failure rate '50.0' for method: 'com.murali.customer_service.service.CustomerService#getCustomers'
2025-11-24T08:05:58,020 [] [http-nio-8080-exec-2] DEBUG io.github.resilience4j.circuitbreaker.internal.CircuitBreakerStateMachine - CircuitBreaker 'customerCB' succeeded:
2025-11-24T08:05:58,023 [] [http-nio-8080-exec-2] DEBUG io.github.resilience4j.circuitbreaker.internal.CircuitBreakerStateMachine - Event SUCCESS published: 2025-11-24T08:05:58.021094900+05:30[Asia/Calcutta]: CircuitBreaker 'customerCB' recorded a successful call. Elapsed time: 0 ms
2025-11-24T08:06:15,988 [] [http-nio-8080-exec-3] DEBUG io.github.resilience4j.spring6.circuitbreaker.configure.CircuitBreakerAspect - Created or retrieved circuit breaker 'customerServiceCB' with failure rate '50.0' for method: 'com.murali.customer_service.service.CustomerService#getCustomers'
2025-11-24T08:06:15,989 [] [http-nio-8080-exec-3] WARN  io.github.resilience4j.spring6.fallback.FallbackExecutor - No fallback method match found
java.lang.NoSuchMethodException: interface java.util.List class com.murali.customer_service.service.CustomerService.customerFallBackMethod(,class java.lang.Throwable)
	at io.github.resilience4j.spring6.fallback.FallbackMethod.create(FallbackMethod.java:98) ~[resilience4j-spring6-2.3.0.jar!/:2.3.0]
	at io.github.resilience4j.spring6.fallback.FallbackExecutor.execute(FallbackExecutor.java:31) ~[resilience4j-spring6-2.3.0.jar!/:2.3.0]
	at io.github.resilience4j.spring6.circuitbreaker.configure.CircuitBreakerAspect.circuitBreakerAroundAdvice(CircuitBreakerAspect.java:109) ~[resilience4j-spring6-2.3.0.jar!/:2.3.0]
	at java.base/jdk.internal.reflect.DirectMethodHandleAccessor.invoke(DirectMethodHandleAccessor.java:103) ~[?:?]
	at java.base/java.lang.reflect.Method.invoke(Method.java:580) ~[?:?]
	at org.springframework.aop.aspectj.AbstractAspectJAdvice.invokeAdviceMethodWithGivenArgs(AbstractAspectJAdvice.java:649) ~[spring-aop-6.2.14.jar!/:6.2.14]
	at org.springframework.aop.aspectj.AbstractAspectJAdvice.invokeAdviceMethod(AbstractAspectJAdvice.java:631) ~[spring-aop-6.2.14.jar!/:6.2.14]
	at org.springframework.aop.aspectj.AspectJAroundAdvice.invoke(AspectJAroundAdvice.java:71) ~[spring-aop-6.2.14.jar!/:6.2.14]
	at org.springframework.aop.framework.ReflectiveMethodInvocation.proceed(ReflectiveMethodInvocation.java:173) ~[spring-aop-6.2.14.jar!/:6.2.14]
	at org.springframework.aop.interceptor.ExposeInvocationInterceptor.invoke(ExposeInvocationInterceptor.java:97) ~[spring-aop-6.2.14.jar!/:6.2.14]
	at org.springframework.aop.framework.ReflectiveMethodInvocation.proceed(ReflectiveMethodInvocation.java:184) ~[spring-aop-6.2.14.jar!/:6.2.14]
	at org.springframework.aop.framework.CglibAopProxy$DynamicAdvisedInterceptor.intercept(CglibAopProxy.java:728) ~[spring-aop-6.2.14.jar!/:6.2.14]
	at com.murali.customer_service.service.CustomerService$$SpringCGLIB$$0.getCustomers(<generated>) ~[!/:0.0.1-SNAPSHOT]
	at com.murali.customer_service.controller.CustomerController.customers(CustomerController.java:23) ~[!/:0.0.1-SNAPSHOT]
	at java.base/jdk.internal.reflect.DirectMethodHandleAccessor.invoke(DirectMethodHandleAccessor.java:103) ~[?:?]
	at java.base/java.lang.reflect.Method.invoke(Method.java:580) ~[?:?]
	at org.springframework.web.method.support.InvocableHandlerMethod.doInvoke(InvocableHandlerMethod.java:258) ~[spring-web-6.2.14.jar!/:6.2.14]
	at org.springframework.web.method.support.InvocableHandlerMethod.invokeForRequest(InvocableHandlerMethod.java:191) ~[spring-web-6.2.14.jar!/:6.2.14]
	at org.springframework.web.servlet.mvc.method.annotation.ServletInvocableHandlerMethod.invokeAndHandle(ServletInvocableHandlerMethod.java:118) ~[spring-webmvc-6.2.14.jar!/:6.2.14]
	at org.springframework.web.servlet.mvc.method.annotation.RequestMappingHandlerAdapter.invokeHandlerMethod(RequestMappingHandlerAdapter.java:991) ~[spring-webmvc-6.2.14.jar!/:6.2.14]
	at org.springframework.web.servlet.mvc.method.annotation.RequestMappingHandlerAdapter.handleInternal(RequestMappingHandlerAdapter.java:896) ~[spring-webmvc-6.2.14.jar!/:6.2.14]
	at org.springframework.web.servlet.mvc.method.AbstractHandlerMethodAdapter.handle(AbstractHandlerMethodAdapter.java:87) ~[spring-webmvc-6.2.14.jar!/:6.2.14]
	at org.springframework.web.servlet.DispatcherServlet.doDispatch(DispatcherServlet.java:1089) ~[spring-webmvc-6.2.14.jar!/:6.2.14]
	at org.springframework.web.servlet.DispatcherServlet.doService(DispatcherServlet.java:979) ~[spring-webmvc-6.2.14.jar!/:6.2.14]
	at org.springframework.web.servlet.FrameworkServlet.processRequest(FrameworkServlet.java:1014) ~[spring-webmvc-6.2.14.jar!/:6.2.14]
	at org.springframework.web.servlet.FrameworkServlet.doGet(FrameworkServlet.java:903) ~[spring-webmvc-6.2.14.jar!/:6.2.14]
	at jakarta.servlet.http.HttpServlet.service(HttpServlet.java:564) ~[tomcat-embed-core-10.1.49.jar!/:?]
	at org.springframework.web.servlet.FrameworkServlet.service(FrameworkServlet.java:885) ~[spring-webmvc-6.2.14.jar!/:6.2.14]
	at jakarta.servlet.http.HttpServlet.service(HttpServlet.java:658) ~[tomcat-embed-core-10.1.49.jar!/:?]
	at org.apache.catalina.core.ApplicationFilterChain.internalDoFilter(ApplicationFilterChain.java:193) ~[tomcat-embed-core-10.1.49.jar!/:?]
	at org.apache.catalina.core.ApplicationFilterChain.doFilter(ApplicationFilterChain.java:138) ~[tomcat-embed-core-10.1.49.jar!/:?]
	at org.apache.tomcat.websocket.server.WsFilter.doFilter(WsFilter.java:51) ~[tomcat-embed-websocket-10.1.49.jar!/:?]
	at org.apache.catalina.core.ApplicationFilterChain.internalDoFilter(ApplicationFilterChain.java:162) ~[tomcat-embed-core-10.1.49.jar!/:?]
	at org.apache.catalina.core.ApplicationFilterChain.doFilter(ApplicationFilterChain.java:138) ~[tomcat-embed-core-10.1.49.jar!/:?]
	at com.murali.customer_service.logging.RequestIdFilter.doFilter(RequestIdFilter.java:37) ~[!/:0.0.1-SNAPSHOT]
	at org.apache.catalina.core.ApplicationFilterChain.internalDoFilter(ApplicationFilterChain.java:162) ~[tomcat-embed-core-10.1.49.jar!/:?]
	at org.apache.catalina.core.ApplicationFilterChain.doFilter(ApplicationFilterChain.java:138) ~[tomcat-embed-core-10.1.49.jar!/:?]
	at org.springframework.web.filter.RequestContextFilter.doFilterInternal(RequestContextFilter.java:100) ~[spring-web-6.2.14.jar!/:6.2.14]
	at org.springframework.web.filter.OncePerRequestFilter.doFilter(OncePerRequestFilter.java:116) ~[spring-web-6.2.14.jar!/:6.2.14]
	at org.apache.catalina.core.ApplicationFilterChain.internalDoFilter(ApplicationFilterChain.java:162) ~[tomcat-embed-core-10.1.49.jar!/:?]
	at org.apache.catalina.core.ApplicationFilterChain.doFilter(ApplicationFilterChain.java:138) ~[tomcat-embed-core-10.1.49.jar!/:?]
	at org.springframework.web.filter.FormContentFilter.doFilterInternal(FormContentFilter.java:93) ~[spring-web-6.2.14.jar!/:6.2.14]
	at org.springframework.web.filter.OncePerRequestFilter.doFilter(OncePerRequestFilter.java:116) ~[spring-web-6.2.14.jar!/:6.2.14]
	at org.apache.catalina.core.ApplicationFilterChain.internalDoFilter(ApplicationFilterChain.java:162) ~[tomcat-embed-core-10.1.49.jar!/:?]
	at org.apache.catalina.core.ApplicationFilterChain.doFilter(ApplicationFilterChain.java:138) ~[tomcat-embed-core-10.1.49.jar!/:?]
	at org.springframework.web.filter.ServerHttpObservationFilter.doFilterInternal(ServerHttpObservationFilter.java:110) ~[spring-web-6.2.14.jar!/:6.2.14]
	at org.springframework.web.filter.OncePerRequestFilter.doFilter(OncePerRequestFilter.java:116) ~[spring-web-6.2.14.jar!/:6.2.14]
	at org.apache.catalina.core.ApplicationFilterChain.internalDoFilter(ApplicationFilterChain.java:162) ~[tomcat-embed-core-10.1.49.jar!/:?]
	at org.apache.catalina.core.ApplicationFilterChain.doFilter(ApplicationFilterChain.java:138) ~[tomcat-embed-core-10.1.49.jar!/:?]
	at org.springframework.web.filter.CharacterEncodingFilter.doFilterInternal(CharacterEncodingFilter.java:201) ~[spring-web-6.2.14.jar!/:6.2.14]
	at org.springframework.web.filter.OncePerRequestFilter.doFilter(OncePerRequestFilter.java:116) ~[spring-web-6.2.14.jar!/:6.2.14]
	at org.apache.catalina.core.ApplicationFilterChain.internalDoFilter(ApplicationFilterChain.java:162) ~[tomcat-embed-core-10.1.49.jar!/:?]
	at org.apache.catalina.core.ApplicationFilterChain.doFilter(ApplicationFilterChain.java:138) ~[tomcat-embed-core-10.1.49.jar!/:?]
	at org.apache.catalina.core.StandardWrapperValve.invoke(StandardWrapperValve.java:165) ~[tomcat-embed-core-10.1.49.jar!/:?]
	at org.apache.catalina.core.StandardContextValve.invoke(StandardContextValve.java:88) ~[tomcat-embed-core-10.1.49.jar!/:?]
	at org.apache.catalina.authenticator.AuthenticatorBase.invoke(AuthenticatorBase.java:482) ~[tomcat-embed-core-10.1.49.jar!/:?]
	at org.apache.catalina.core.StandardHostValve.invoke(StandardHostValve.java:113) ~[tomcat-embed-core-10.1.49.jar!/:?]
	at org.apache.catalina.valves.ErrorReportValve.invoke(ErrorReportValve.java:83) ~[tomcat-embed-core-10.1.49.jar!/:?]
	at org.apache.catalina.core.StandardEngineValve.invoke(StandardEngineValve.java:72) ~[tomcat-embed-core-10.1.49.jar!/:?]
	at org.apache.catalina.connector.CoyoteAdapter.service(CoyoteAdapter.java:342) ~[tomcat-embed-core-10.1.49.jar!/:?]
	at org.apache.coyote.http11.Http11Processor.service(Http11Processor.java:399) ~[tomcat-embed-core-10.1.49.jar!/:?]
	at org.apache.coyote.AbstractProcessorLight.process(AbstractProcessorLight.java:63) ~[tomcat-embed-core-10.1.49.jar!/:?]
	at org.apache.coyote.AbstractProtocol$ConnectionHandler.process(AbstractProtocol.java:903) ~[tomcat-embed-core-10.1.49.jar!/:?]
	at org.apache.tomcat.util.net.NioEndpoint$SocketProcessor.doRun(NioEndpoint.java:1774) ~[tomcat-embed-core-10.1.49.jar!/:?]
	at org.apache.tomcat.util.net.SocketProcessorBase.run(SocketProcessorBase.java:52) ~[tomcat-embed-core-10.1.49.jar!/:?]
	at org.apache.tomcat.util.threads.ThreadPoolExecutor.runWorker(ThreadPoolExecutor.java:973) ~[tomcat-embed-core-10.1.49.jar!/:?]
	at org.apache.tomcat.util.threads.ThreadPoolExecutor$Worker.run(ThreadPoolExecutor.java:491) ~[tomcat-embed-core-10.1.49.jar!/:?]
	at org.apache.tomcat.util.threads.TaskThread$WrappingRunnable.run(TaskThread.java:63) ~[tomcat-embed-core-10.1.49.jar!/:?]
	at java.base/java.lang.Thread.run(Thread.java:1583) [?:?]
2025-11-24T08:06:16,000 [] [http-nio-8080-exec-3] DEBUG io.github.resilience4j.circuitbreaker.internal.CircuitBreakerStateMachine - CircuitBreaker 'customerServiceCB' succeeded:
2025-11-24T08:06:16,000 [] [http-nio-8080-exec-3] DEBUG io.github.resilience4j.circuitbreaker.internal.CircuitBreakerStateMachine - Event SUCCESS published: 2025-11-24T08:06:16.000030700+05:30[Asia/Calcutta]: CircuitBreaker 'customerServiceCB' recorded a successful call. Elapsed time: 0 ms
2025-11-24T08:07:05,951 [] [http-nio-8080-exec-4] DEBUG io.github.resilience4j.spring6.circuitbreaker.configure.CircuitBreakerAspect - Created or retrieved circuit breaker 'customerServiceCB' with failure rate '50.0' for method: 'com.murali.customer_service.service.CustomerService#getCustomers'
2025-11-24T08:07:05,952 [] [http-nio-8080-exec-4] WARN  io.github.resilience4j.spring6.fallback.FallbackExecutor - No fallback method match found
java.lang.NoSuchMethodException: interface java.util.List class com.murali.customer_service.service.CustomerService.customerFallBackMethod(,class java.lang.Throwable)
	at io.github.resilience4j.spring6.fallback.FallbackMethod.create(FallbackMethod.java:98) ~[resilience4j-spring6-2.3.0.jar!/:2.3.0]
	at io.github.resilience4j.spring6.fallback.FallbackExecutor.execute(FallbackExecutor.java:31) ~[resilience4j-spring6-2.3.0.jar!/:2.3.0]
	at io.github.resilience4j.spring6.circuitbreaker.configure.CircuitBreakerAspect.circuitBreakerAroundAdvice(CircuitBreakerAspect.java:109) ~[resilience4j-spring6-2.3.0.jar!/:2.3.0]
	at java.base/jdk.internal.reflect.DirectMethodHandleAccessor.invoke(DirectMethodHandleAccessor.java:103) ~[?:?]
	at java.base/java.lang.reflect.Method.invoke(Method.java:580) ~[?:?]
	at org.springframework.aop.aspectj.AbstractAspectJAdvice.invokeAdviceMethodWithGivenArgs(AbstractAspectJAdvice.java:649) ~[spring-aop-6.2.14.jar!/:6.2.14]
	at org.springframework.aop.aspectj.AbstractAspectJAdvice.invokeAdviceMethod(AbstractAspectJAdvice.java:631) ~[spring-aop-6.2.14.jar!/:6.2.14]
	at org.springframework.aop.aspectj.AspectJAroundAdvice.invoke(AspectJAroundAdvice.java:71) ~[spring-aop-6.2.14.jar!/:6.2.14]
	at org.springframework.aop.framework.ReflectiveMethodInvocation.proceed(ReflectiveMethodInvocation.java:173) ~[spring-aop-6.2.14.jar!/:6.2.14]
	at org.springframework.aop.interceptor.ExposeInvocationInterceptor.invoke(ExposeInvocationInterceptor.java:97) ~[spring-aop-6.2.14.jar!/:6.2.14]
	at org.springframework.aop.framework.ReflectiveMethodInvocation.proceed(ReflectiveMethodInvocation.java:184) ~[spring-aop-6.2.14.jar!/:6.2.14]
	at org.springframework.aop.framework.CglibAopProxy$DynamicAdvisedInterceptor.intercept(CglibAopProxy.java:728) ~[spring-aop-6.2.14.jar!/:6.2.14]
	at com.murali.customer_service.service.CustomerService$$SpringCGLIB$$0.getCustomers(<generated>) ~[!/:0.0.1-SNAPSHOT]
	at com.murali.customer_service.controller.CustomerController.customers(CustomerController.java:23) ~[!/:0.0.1-SNAPSHOT]
	at java.base/jdk.internal.reflect.DirectMethodHandleAccessor.invoke(DirectMethodHandleAccessor.java:103) ~[?:?]
	at java.base/java.lang.reflect.Method.invoke(Method.java:580) ~[?:?]
	at org.springframework.web.method.support.InvocableHandlerMethod.doInvoke(InvocableHandlerMethod.java:258) ~[spring-web-6.2.14.jar!/:6.2.14]
	at org.springframework.web.method.support.InvocableHandlerMethod.invokeForRequest(InvocableHandlerMethod.java:191) ~[spring-web-6.2.14.jar!/:6.2.14]
	at org.springframework.web.servlet.mvc.method.annotation.ServletInvocableHandlerMethod.invokeAndHandle(ServletInvocableHandlerMethod.java:118) ~[spring-webmvc-6.2.14.jar!/:6.2.14]
	at org.springframework.web.servlet.mvc.method.annotation.RequestMappingHandlerAdapter.invokeHandlerMethod(RequestMappingHandlerAdapter.java:991) ~[spring-webmvc-6.2.14.jar!/:6.2.14]
	at org.springframework.web.servlet.mvc.method.annotation.RequestMappingHandlerAdapter.handleInternal(RequestMappingHandlerAdapter.java:896) ~[spring-webmvc-6.2.14.jar!/:6.2.14]
	at org.springframework.web.servlet.mvc.method.AbstractHandlerMethodAdapter.handle(AbstractHandlerMethodAdapter.java:87) ~[spring-webmvc-6.2.14.jar!/:6.2.14]
	at org.springframework.web.servlet.DispatcherServlet.doDispatch(DispatcherServlet.java:1089) ~[spring-webmvc-6.2.14.jar!/:6.2.14]
	at org.springframework.web.servlet.DispatcherServlet.doService(DispatcherServlet.java:979) ~[spring-webmvc-6.2.14.jar!/:6.2.14]
	at org.springframework.web.servlet.FrameworkServlet.processRequest(FrameworkServlet.java:1014) ~[spring-webmvc-6.2.14.jar!/:6.2.14]
	at org.springframework.web.servlet.FrameworkServlet.doGet(FrameworkServlet.java:903) ~[spring-webmvc-6.2.14.jar!/:6.2.14]
	at jakarta.servlet.http.HttpServlet.service(HttpServlet.java:564) ~[tomcat-embed-core-10.1.49.jar!/:?]
	at org.springframework.web.servlet.FrameworkServlet.service(FrameworkServlet.java:885) ~[spring-webmvc-6.2.14.jar!/:6.2.14]
	at jakarta.servlet.http.HttpServlet.service(HttpServlet.java:658) ~[tomcat-embed-core-10.1.49.jar!/:?]
	at org.apache.catalina.core.ApplicationFilterChain.internalDoFilter(ApplicationFilterChain.java:193) ~[tomcat-embed-core-10.1.49.jar!/:?]
	at org.apache.catalina.core.ApplicationFilterChain.doFilter(ApplicationFilterChain.java:138) ~[tomcat-embed-core-10.1.49.jar!/:?]
	at org.apache.tomcat.websocket.server.WsFilter.doFilter(WsFilter.java:51) ~[tomcat-embed-websocket-10.1.49.jar!/:?]
	at org.apache.catalina.core.ApplicationFilterChain.internalDoFilter(ApplicationFilterChain.java:162) ~[tomcat-embed-core-10.1.49.jar!/:?]
	at org.apache.catalina.core.ApplicationFilterChain.doFilter(ApplicationFilterChain.java:138) ~[tomcat-embed-core-10.1.49.jar!/:?]
	at com.murali.customer_service.logging.RequestIdFilter.doFilter(RequestIdFilter.java:37) ~[!/:0.0.1-SNAPSHOT]
	at org.apache.catalina.core.ApplicationFilterChain.internalDoFilter(ApplicationFilterChain.java:162) ~[tomcat-embed-core-10.1.49.jar!/:?]
	at org.apache.catalina.core.ApplicationFilterChain.doFilter(ApplicationFilterChain.java:138) ~[tomcat-embed-core-10.1.49.jar!/:?]
	at org.springframework.web.filter.RequestContextFilter.doFilterInternal(RequestContextFilter.java:100) ~[spring-web-6.2.14.jar!/:6.2.14]
	at org.springframework.web.filter.OncePerRequestFilter.doFilter(OncePerRequestFilter.java:116) ~[spring-web-6.2.14.jar!/:6.2.14]
	at org.apache.catalina.core.ApplicationFilterChain.internalDoFilter(ApplicationFilterChain.java:162) ~[tomcat-embed-core-10.1.49.jar!/:?]
	at org.apache.catalina.core.ApplicationFilterChain.doFilter(ApplicationFilterChain.java:138) ~[tomcat-embed-core-10.1.49.jar!/:?]
	at org.springframework.web.filter.FormContentFilter.doFilterInternal(FormContentFilter.java:93) ~[spring-web-6.2.14.jar!/:6.2.14]
	at org.springframework.web.filter.OncePerRequestFilter.doFilter(OncePerRequestFilter.java:116) ~[spring-web-6.2.14.jar!/:6.2.14]
	at org.apache.catalina.core.ApplicationFilterChain.internalDoFilter(ApplicationFilterChain.java:162) ~[tomcat-embed-core-10.1.49.jar!/:?]
	at org.apache.catalina.core.ApplicationFilterChain.doFilter(ApplicationFilterChain.java:138) ~[tomcat-embed-core-10.1.49.jar!/:?]
	at org.springframework.web.filter.ServerHttpObservationFilter.doFilterInternal(ServerHttpObservationFilter.java:110) ~[spring-web-6.2.14.jar!/:6.2.14]
	at org.springframework.web.filter.OncePerRequestFilter.doFilter(OncePerRequestFilter.java:116) ~[spring-web-6.2.14.jar!/:6.2.14]
	at org.apache.catalina.core.ApplicationFilterChain.internalDoFilter(ApplicationFilterChain.java:162) ~[tomcat-embed-core-10.1.49.jar!/:?]
	at org.apache.catalina.core.ApplicationFilterChain.doFilter(ApplicationFilterChain.java:138) ~[tomcat-embed-core-10.1.49.jar!/:?]
	at org.springframework.web.filter.CharacterEncodingFilter.doFilterInternal(CharacterEncodingFilter.java:201) ~[spring-web-6.2.14.jar!/:6.2.14]
	at org.springframework.web.filter.OncePerRequestFilter.doFilter(OncePerRequestFilter.java:116) ~[spring-web-6.2.14.jar!/:6.2.14]
	at org.apache.catalina.core.ApplicationFilterChain.internalDoFilter(ApplicationFilterChain.java:162) ~[tomcat-embed-core-10.1.49.jar!/:?]
	at org.apache.catalina.core.ApplicationFilterChain.doFilter(ApplicationFilterChain.java:138) ~[tomcat-embed-core-10.1.49.jar!/:?]
	at org.apache.catalina.core.StandardWrapperValve.invoke(StandardWrapperValve.java:165) ~[tomcat-embed-core-10.1.49.jar!/:?]
	at org.apache.catalina.core.StandardContextValve.invoke(StandardContextValve.java:88) ~[tomcat-embed-core-10.1.49.jar!/:?]
	at org.apache.catalina.authenticator.AuthenticatorBase.invoke(AuthenticatorBase.java:482) ~[tomcat-embed-core-10.1.49.jar!/:?]
	at org.apache.catalina.core.StandardHostValve.invoke(StandardHostValve.java:113) ~[tomcat-embed-core-10.1.49.jar!/:?]
	at org.apache.catalina.valves.ErrorReportValve.invoke(ErrorReportValve.java:83) ~[tomcat-embed-core-10.1.49.jar!/:?]
	at org.apache.catalina.core.StandardEngineValve.invoke(StandardEngineValve.java:72) ~[tomcat-embed-core-10.1.49.jar!/:?]
	at org.apache.catalina.connector.CoyoteAdapter.service(CoyoteAdapter.java:342) ~[tomcat-embed-core-10.1.49.jar!/:?]
	at org.apache.coyote.http11.Http11Processor.service(Http11Processor.java:399) ~[tomcat-embed-core-10.1.49.jar!/:?]
	at org.apache.coyote.AbstractProcessorLight.process(AbstractProcessorLight.java:63) ~[tomcat-embed-core-10.1.49.jar!/:?]
	at org.apache.coyote.AbstractProtocol$ConnectionHandler.process(AbstractProtocol.java:903) ~[tomcat-embed-core-10.1.49.jar!/:?]
	at org.apache.tomcat.util.net.NioEndpoint$SocketProcessor.doRun(NioEndpoint.java:1774) ~[tomcat-embed-core-10.1.49.jar!/:?]
	at org.apache.tomcat.util.net.SocketProcessorBase.run(SocketProcessorBase.java:52) ~[tomcat-embed-core-10.1.49.jar!/:?]
	at org.apache.tomcat.util.threads.ThreadPoolExecutor.runWorker(ThreadPoolExecutor.java:973) ~[tomcat-embed-core-10.1.49.jar!/:?]
	at org.apache.tomcat.util.threads.ThreadPoolExecutor$Worker.run(ThreadPoolExecutor.java:491) ~[tomcat-embed-core-10.1.49.jar!/:?]
	at org.apache.tomcat.util.threads.TaskThread$WrappingRunnable.run(TaskThread.java:63) ~[tomcat-embed-core-10.1.49.jar!/:?]
	at java.base/java.lang.Thread.run(Thread.java:1583) [?:?]
2025-11-24T08:07:05,954 [] [http-nio-8080-exec-4] DEBUG io.github.resilience4j.circuitbreaker.internal.CircuitBreakerStateMachine - CircuitBreaker 'customerServiceCB' succeeded:
2025-11-24T08:07:05,955 [] [http-nio-8080-exec-4] DEBUG io.github.resilience4j.circuitbreaker.internal.CircuitBreakerStateMachine - Event SUCCESS published: 2025-11-24T08:07:05.954239800+05:30[Asia/Calcutta]: CircuitBreaker 'customerServiceCB' recorded a successful call. Elapsed time: 0 ms
2025-11-24T08:17:22,943 [] [SpringApplicationShutdownHook] INFO  org.springframework.boot.web.embedded.tomcat.GracefulShutdown - Commencing graceful shutdown. Waiting for active requests to complete
2025-11-24T08:17:22,977 [] [tomcat-shutdown] INFO  org.springframework.boot.web.embedded.tomcat.GracefulShutdown - Graceful shutdown complete
2025-11-24T08:24:28,931 [] [main] INFO  org.springframework.test.context.support.AnnotationConfigContextLoaderUtils - Could not detect default configuration classes for test class [com.murali.customer_service.CustomerServiceApplicationTests]: CustomerServiceApplicationTests does not declare any static, non-private, non-final, nested classes annotated with @Configuration.
2025-11-24T08:24:29,165 [] [main] INFO  org.springframework.boot.test.context.SpringBootTestContextBootstrapper - Found @SpringBootConfiguration com.murali.customer_service.CustomerServiceApplication for test class com.murali.customer_service.CustomerServiceApplicationTests
2025-11-24T08:24:29,780 [] [main] INFO  com.murali.customer_service.CustomerServiceApplicationTests - Starting CustomerServiceApplicationTests using Java 21.0.9 with PID 27552 (started by murali.p in D:\1. ABrainCode\ProjectHub\SprinbootMicro\workspace\customer-service)
2025-11-24T08:24:29,785 [] [main] DEBUG com.murali.customer_service.CustomerServiceApplicationTests - Running with Spring Boot v3.4.12, Spring v6.2.14
2025-11-24T08:24:29,787 [] [main] INFO  com.murali.customer_service.CustomerServiceApplicationTests - No active profile set, falling back to 1 default profile: "default"
2025-11-24T08:24:31,177 [] [main] DEBUG io.github.resilience4j.spring6.utils.RxJava2OnClasspathCondition - RxJava2 related Aspect extensions are not activated, because RxJava2 is not on the classpath.
2025-11-24T08:24:31,179 [] [main] DEBUG io.github.resilience4j.spring6.utils.RxJava3OnClasspathCondition - RxJava3 related Aspect extensions are not activated, because RxJava3 is not on the classpath.
2025-11-24T08:24:31,181 [] [main] DEBUG io.github.resilience4j.spring6.utils.ReactorOnClasspathCondition - Reactor related Aspect extensions are not activated because Reactor is not on the classpath.
2025-11-24T08:24:31,195 [] [main] DEBUG io.github.resilience4j.spring6.utils.RxJava2OnClasspathCondition - RxJava2 related Aspect extensions are not activated, because RxJava2 is not on the classpath.
2025-11-24T08:24:31,195 [] [main] DEBUG io.github.resilience4j.spring6.utils.RxJava3OnClasspathCondition - RxJava3 related Aspect extensions are not activated, because RxJava3 is not on the classpath.
2025-11-24T08:24:31,195 [] [main] DEBUG io.github.resilience4j.spring6.utils.ReactorOnClasspathCondition - Reactor related Aspect extensions are not activated because Reactor is not on the classpath.
2025-11-24T08:24:31,274 [] [main] DEBUG io.github.resilience4j.spring6.utils.RxJava2OnClasspathCondition - RxJava2 related Aspect extensions are not activated, because RxJava2 is not on the classpath.
2025-11-24T08:24:31,274 [] [main] DEBUG io.github.resilience4j.spring6.utils.RxJava3OnClasspathCondition - RxJava3 related Aspect extensions are not activated, because RxJava3 is not on the classpath.
2025-11-24T08:24:31,274 [] [main] DEBUG io.github.resilience4j.spring6.utils.ReactorOnClasspathCondition - Reactor related Aspect extensions are not activated because Reactor is not on the classpath.
2025-11-24T08:24:31,298 [] [main] DEBUG io.github.resilience4j.spring6.utils.RxJava2OnClasspathCondition - RxJava2 related Aspect extensions are not activated, because RxJava2 is not on the classpath.
2025-11-24T08:24:31,298 [] [main] DEBUG io.github.resilience4j.spring6.utils.RxJava3OnClasspathCondition - RxJava3 related Aspect extensions are not activated, because RxJava3 is not on the classpath.
2025-11-24T08:24:31,298 [] [main] DEBUG io.github.resilience4j.spring6.utils.ReactorOnClasspathCondition - Reactor related Aspect extensions are not activated because Reactor is not on the classpath.
2025-11-24T08:24:31,316 [] [main] DEBUG io.github.resilience4j.spring6.utils.RxJava2OnClasspathCondition - RxJava2 related Aspect extensions are not activated, because RxJava2 is not on the classpath.
2025-11-24T08:24:31,316 [] [main] DEBUG io.github.resilience4j.spring6.utils.RxJava3OnClasspathCondition - RxJava3 related Aspect extensions are not activated, because RxJava3 is not on the classpath.
2025-11-24T08:24:31,318 [] [main] DEBUG io.github.resilience4j.spring6.utils.ReactorOnClasspathCondition - Reactor related Aspect extensions are not activated because Reactor is not on the classpath.
2025-11-24T08:24:31,353 [] [main] DEBUG io.github.resilience4j.spring6.utils.RxJava2OnClasspathCondition - RxJava2 related Aspect extensions are not activated, because RxJava2 is not on the classpath.
2025-11-24T08:24:31,353 [] [main] DEBUG io.github.resilience4j.spring6.utils.RxJava3OnClasspathCondition - RxJava3 related Aspect extensions are not activated, because RxJava3 is not on the classpath.
2025-11-24T08:24:31,353 [] [main] DEBUG io.github.resilience4j.spring6.utils.ReactorOnClasspathCondition - Reactor related Aspect extensions are not activated because Reactor is not on the classpath.
2025-11-24T08:24:31,385 [] [main] DEBUG io.github.resilience4j.spring6.utils.RxJava2OnClasspathCondition - RxJava2 related Aspect extensions are not activated, because RxJava2 is not on the classpath.
2025-11-24T08:24:31,385 [] [main] DEBUG io.github.resilience4j.spring6.utils.RxJava3OnClasspathCondition - RxJava3 related Aspect extensions are not activated, because RxJava3 is not on the classpath.
2025-11-24T08:24:31,385 [] [main] DEBUG io.github.resilience4j.spring6.utils.ReactorOnClasspathCondition - Reactor related Aspect extensions are not activated because Reactor is not on the classpath.
2025-11-24T08:24:37,459 [] [main] INFO  org.springframework.boot.actuate.endpoint.web.EndpointLinksResolver - Exposing 3 endpoints beneath base path '/actuator'
2025-11-24T08:24:37,673 [] [main] INFO  com.murali.customer_service.CustomerServiceApplicationTests - Started CustomerServiceApplicationTests in 8.28 seconds (process running for 10.936)
2025-11-24T08:25:59,767 [] [main] INFO  com.murali.customer_service.CustomerServiceApplication - Starting CustomerServiceApplication using Java 21.0.9 with PID 4728 (D:\1. ABrainCode\ProjectHub\SprinbootMicro\workspace\customer-service\target\classes started by murali.p in D:\1. ABrainCode\ProjectHub\SprinbootMicro\workspace\customer-service)
2025-11-24T08:25:59,778 [] [main] DEBUG com.murali.customer_service.CustomerServiceApplication - Running with Spring Boot v3.4.12, Spring v6.2.14
2025-11-24T08:25:59,780 [] [main] INFO  com.murali.customer_service.CustomerServiceApplication - No active profile set, falling back to 1 default profile: "default"
2025-11-24T08:26:00,689 [] [main] DEBUG io.github.resilience4j.spring6.utils.RxJava2OnClasspathCondition - RxJava2 related Aspect extensions are not activated, because RxJava2 is not on the classpath.
2025-11-24T08:26:00,689 [] [main] DEBUG io.github.resilience4j.spring6.utils.RxJava3OnClasspathCondition - RxJava3 related Aspect extensions are not activated, because RxJava3 is not on the classpath.
2025-11-24T08:26:00,702 [] [main] DEBUG io.github.resilience4j.spring6.utils.ReactorOnClasspathCondition - Reactor related Aspect extensions are not activated because Reactor is not on the classpath.
2025-11-24T08:26:00,721 [] [main] DEBUG io.github.resilience4j.spring6.utils.RxJava2OnClasspathCondition - RxJava2 related Aspect extensions are not activated, because RxJava2 is not on the classpath.
2025-11-24T08:26:00,721 [] [main] DEBUG io.github.resilience4j.spring6.utils.RxJava3OnClasspathCondition - RxJava3 related Aspect extensions are not activated, because RxJava3 is not on the classpath.
2025-11-24T08:26:00,721 [] [main] DEBUG io.github.resilience4j.spring6.utils.ReactorOnClasspathCondition - Reactor related Aspect extensions are not activated because Reactor is not on the classpath.
2025-11-24T08:26:00,814 [] [main] DEBUG io.github.resilience4j.spring6.utils.RxJava2OnClasspathCondition - RxJava2 related Aspect extensions are not activated, because RxJava2 is not on the classpath.
2025-11-24T08:26:00,816 [] [main] DEBUG io.github.resilience4j.spring6.utils.RxJava3OnClasspathCondition - RxJava3 related Aspect extensions are not activated, because RxJava3 is not on the classpath.
2025-11-24T08:26:00,816 [] [main] DEBUG io.github.resilience4j.spring6.utils.ReactorOnClasspathCondition - Reactor related Aspect extensions are not activated because Reactor is not on the classpath.
2025-11-24T08:26:00,851 [] [main] DEBUG io.github.resilience4j.spring6.utils.RxJava2OnClasspathCondition - RxJava2 related Aspect extensions are not activated, because RxJava2 is not on the classpath.
2025-11-24T08:26:00,851 [] [main] DEBUG io.github.resilience4j.spring6.utils.RxJava3OnClasspathCondition - RxJava3 related Aspect extensions are not activated, because RxJava3 is not on the classpath.
2025-11-24T08:26:00,851 [] [main] DEBUG io.github.resilience4j.spring6.utils.ReactorOnClasspathCondition - Reactor related Aspect extensions are not activated because Reactor is not on the classpath.
2025-11-24T08:26:00,879 [] [main] DEBUG io.github.resilience4j.spring6.utils.RxJava2OnClasspathCondition - RxJava2 related Aspect extensions are not activated, because RxJava2 is not on the classpath.
2025-11-24T08:26:00,881 [] [main] DEBUG io.github.resilience4j.spring6.utils.RxJava3OnClasspathCondition - RxJava3 related Aspect extensions are not activated, because RxJava3 is not on the classpath.
2025-11-24T08:26:00,881 [] [main] DEBUG io.github.resilience4j.spring6.utils.ReactorOnClasspathCondition - Reactor related Aspect extensions are not activated because Reactor is not on the classpath.
2025-11-24T08:26:00,913 [] [main] DEBUG io.github.resilience4j.spring6.utils.RxJava2OnClasspathCondition - RxJava2 related Aspect extensions are not activated, because RxJava2 is not on the classpath.
2025-11-24T08:26:00,916 [] [main] DEBUG io.github.resilience4j.spring6.utils.RxJava3OnClasspathCondition - RxJava3 related Aspect extensions are not activated, because RxJava3 is not on the classpath.
2025-11-24T08:26:00,916 [] [main] DEBUG io.github.resilience4j.spring6.utils.ReactorOnClasspathCondition - Reactor related Aspect extensions are not activated because Reactor is not on the classpath.
2025-11-24T08:26:00,928 [] [main] DEBUG io.github.resilience4j.spring6.utils.RxJava2OnClasspathCondition - RxJava2 related Aspect extensions are not activated, because RxJava2 is not on the classpath.
2025-11-24T08:26:00,928 [] [main] DEBUG io.github.resilience4j.spring6.utils.RxJava3OnClasspathCondition - RxJava3 related Aspect extensions are not activated, because RxJava3 is not on the classpath.
2025-11-24T08:26:00,937 [] [main] DEBUG io.github.resilience4j.spring6.utils.ReactorOnClasspathCondition - Reactor related Aspect extensions are not activated because Reactor is not on the classpath.
2025-11-24T08:26:03,349 [] [main] INFO  org.springframework.boot.web.embedded.tomcat.TomcatWebServer - Tomcat initialized with port 8080 (http)
2025-11-24T08:26:03,393 [] [main] INFO  org.apache.coyote.http11.Http11NioProtocol - Initializing ProtocolHandler ["http-nio-8080"]
2025-11-24T08:26:03,397 [] [main] INFO  org.apache.catalina.core.StandardService - Starting service [Tomcat]
2025-11-24T08:26:03,400 [] [main] INFO  org.apache.catalina.core.StandardEngine - Starting Servlet engine: [Apache Tomcat/10.1.49]
2025-11-24T08:26:03,492 [] [main] INFO  org.apache.catalina.core.ContainerBase.[Tomcat].[localhost].[/] - Initializing Spring embedded WebApplicationContext
2025-11-24T08:26:03,498 [] [main] INFO  org.springframework.boot.web.servlet.context.ServletWebServerApplicationContext - Root WebApplicationContext: initialization completed in 3674 ms
2025-11-24T08:26:06,786 [] [main] INFO  org.springframework.boot.actuate.endpoint.web.EndpointLinksResolver - Exposing 3 endpoints beneath base path '/actuator'
2025-11-24T08:26:06,870 [] [main] INFO  org.apache.coyote.http11.Http11NioProtocol - Starting ProtocolHandler ["http-nio-8080"]
2025-11-24T08:26:06,912 [] [main] INFO  org.springframework.boot.web.embedded.tomcat.TomcatWebServer - Tomcat started on port 8080 (http) with context path '/'
2025-11-24T08:26:06,930 [] [main] INFO  com.murali.customer_service.CustomerServiceApplication - Started CustomerServiceApplication in 7.513 seconds (process running for 8.44)
2025-11-24T08:26:31,574 [] [http-nio-8080-exec-1] INFO  org.apache.catalina.core.ContainerBase.[Tomcat].[localhost].[/] - Initializing Spring DispatcherServlet 'dispatcherServlet'
2025-11-24T08:26:31,575 [] [http-nio-8080-exec-1] INFO  org.springframework.web.servlet.DispatcherServlet - Initializing Servlet 'dispatcherServlet'
2025-11-24T08:26:31,576 [] [http-nio-8080-exec-1] INFO  org.springframework.web.servlet.DispatcherServlet - Completed initialization in 1 ms
2025-11-24T08:26:31,681 [] [http-nio-8080-exec-1] DEBUG io.github.resilience4j.spring6.circuitbreaker.configure.CircuitBreakerAspect - Created or retrieved circuit breaker 'customerServiceCB' with failure rate '50.0' for method: 'com.murali.customer_service.service.CustomerService#getCustomers'
2025-11-24T08:26:31,685 [] [http-nio-8080-exec-1] DEBUG io.github.resilience4j.circuitbreaker.internal.CircuitBreakerStateMachine - CircuitBreaker 'customerServiceCB' succeeded:
2025-11-24T08:26:31,687 [] [http-nio-8080-exec-1] DEBUG io.github.resilience4j.circuitbreaker.internal.CircuitBreakerStateMachine - Event SUCCESS published: 2025-11-24T08:26:31.685363+05:30[Asia/Calcutta]: CircuitBreaker 'customerServiceCB' recorded a successful call. Elapsed time: 0 ms
2025-11-24T08:26:46,384 [] [http-nio-8080-exec-4] DEBUG io.github.resilience4j.spring6.circuitbreaker.configure.CircuitBreakerAspect - Created or retrieved circuit breaker 'customerCB' with failure rate '50.0' for method: 'com.murali.customer_service.service.CustomerService#getCustomers'
2025-11-24T08:26:46,385 [] [http-nio-8080-exec-4] DEBUG io.github.resilience4j.circuitbreaker.internal.CircuitBreakerStateMachine - CircuitBreaker 'customerCB' succeeded:
2025-11-24T08:26:46,385 [] [http-nio-8080-exec-4] DEBUG io.github.resilience4j.circuitbreaker.internal.CircuitBreakerStateMachine - Event SUCCESS published: 2025-11-24T08:26:46.385339500+05:30[Asia/Calcutta]: CircuitBreaker 'customerCB' recorded a successful call. Elapsed time: 0 ms
2025-11-24T08:37:30,265 [] [SpringApplicationShutdownHook] INFO  org.springframework.boot.web.embedded.tomcat.GracefulShutdown - Commencing graceful shutdown. Waiting for active requests to complete
2025-11-24T08:37:30,292 [] [tomcat-shutdown] INFO  org.springframework.boot.web.embedded.tomcat.GracefulShutdown - Graceful shutdown complete
2025-11-24T09:23:45,272 [] [main] INFO  com.murali.customer_service.CustomerServiceApplication - Starting CustomerServiceApplication using Java 21.0.9 with PID 27552 (D:\1. ABrainCode\ProjectHub\SprinbootMicro\workspace\customer-service\target\classes started by murali.p in D:\1. ABrainCode\ProjectHub\SprinbootMicro\workspace\customer-service)
2025-11-24T09:23:45,301 [] [main] DEBUG com.murali.customer_service.CustomerServiceApplication - Running with Spring Boot v3.4.12, Spring v6.2.14
2025-11-24T09:23:45,309 [] [main] INFO  com.murali.customer_service.CustomerServiceApplication - No active profile set, falling back to 1 default profile: "default"
2025-11-24T09:23:46,774 [] [main] DEBUG io.github.resilience4j.spring6.utils.RxJava2OnClasspathCondition - RxJava2 related Aspect extensions are not activated, because RxJava2 is not on the classpath.
2025-11-24T09:23:46,775 [] [main] DEBUG io.github.resilience4j.spring6.utils.RxJava3OnClasspathCondition - RxJava3 related Aspect extensions are not activated, because RxJava3 is not on the classpath.
2025-11-24T09:23:46,776 [] [main] DEBUG io.github.resilience4j.spring6.utils.ReactorOnClasspathCondition - Reactor related Aspect extensions are not activated because Reactor is not on the classpath.
2025-11-24T09:23:46,793 [] [main] DEBUG io.github.resilience4j.spring6.utils.RxJava2OnClasspathCondition - RxJava2 related Aspect extensions are not activated, because RxJava2 is not on the classpath.
2025-11-24T09:23:46,794 [] [main] DEBUG io.github.resilience4j.spring6.utils.RxJava3OnClasspathCondition - RxJava3 related Aspect extensions are not activated, because RxJava3 is not on the classpath.
2025-11-24T09:23:46,795 [] [main] DEBUG io.github.resilience4j.spring6.utils.ReactorOnClasspathCondition - Reactor related Aspect extensions are not activated because Reactor is not on the classpath.
2025-11-24T09:23:46,835 [] [main] DEBUG io.github.resilience4j.spring6.utils.RxJava2OnClasspathCondition - RxJava2 related Aspect extensions are not activated, because RxJava2 is not on the classpath.
2025-11-24T09:23:46,836 [] [main] DEBUG io.github.resilience4j.spring6.utils.RxJava3OnClasspathCondition - RxJava3 related Aspect extensions are not activated, because RxJava3 is not on the classpath.
2025-11-24T09:23:46,836 [] [main] DEBUG io.github.resilience4j.spring6.utils.ReactorOnClasspathCondition - Reactor related Aspect extensions are not activated because Reactor is not on the classpath.
2025-11-24T09:23:46,859 [] [main] DEBUG io.github.resilience4j.spring6.utils.RxJava2OnClasspathCondition - RxJava2 related Aspect extensions are not activated, because RxJava2 is not on the classpath.
2025-11-24T09:23:46,860 [] [main] DEBUG io.github.resilience4j.spring6.utils.RxJava3OnClasspathCondition - RxJava3 related Aspect extensions are not activated, because RxJava3 is not on the classpath.
2025-11-24T09:23:46,860 [] [main] DEBUG io.github.resilience4j.spring6.utils.ReactorOnClasspathCondition - Reactor related Aspect extensions are not activated because Reactor is not on the classpath.
2025-11-24T09:23:46,874 [] [main] DEBUG io.github.resilience4j.spring6.utils.RxJava2OnClasspathCondition - RxJava2 related Aspect extensions are not activated, because RxJava2 is not on the classpath.
2025-11-24T09:23:46,875 [] [main] DEBUG io.github.resilience4j.spring6.utils.RxJava3OnClasspathCondition - RxJava3 related Aspect extensions are not activated, because RxJava3 is not on the classpath.
2025-11-24T09:23:46,875 [] [main] DEBUG io.github.resilience4j.spring6.utils.ReactorOnClasspathCondition - Reactor related Aspect extensions are not activated because Reactor is not on the classpath.
2025-11-24T09:23:46,892 [] [main] DEBUG io.github.resilience4j.spring6.utils.RxJava2OnClasspathCondition - RxJava2 related Aspect extensions are not activated, because RxJava2 is not on the classpath.
2025-11-24T09:23:46,893 [] [main] DEBUG io.github.resilience4j.spring6.utils.RxJava3OnClasspathCondition - RxJava3 related Aspect extensions are not activated, because RxJava3 is not on the classpath.
2025-11-24T09:23:46,893 [] [main] DEBUG io.github.resilience4j.spring6.utils.ReactorOnClasspathCondition - Reactor related Aspect extensions are not activated because Reactor is not on the classpath.
2025-11-24T09:23:46,905 [] [main] DEBUG io.github.resilience4j.spring6.utils.RxJava2OnClasspathCondition - RxJava2 related Aspect extensions are not activated, because RxJava2 is not on the classpath.
2025-11-24T09:23:46,906 [] [main] DEBUG io.github.resilience4j.spring6.utils.RxJava3OnClasspathCondition - RxJava3 related Aspect extensions are not activated, because RxJava3 is not on the classpath.
2025-11-24T09:23:46,906 [] [main] DEBUG io.github.resilience4j.spring6.utils.ReactorOnClasspathCondition - Reactor related Aspect extensions are not activated because Reactor is not on the classpath.
2025-11-24T09:23:47,955 [] [main] INFO  org.springframework.boot.web.embedded.tomcat.TomcatWebServer - Tomcat initialized with port 8080 (http)
2025-11-24T09:23:47,974 [] [main] INFO  org.apache.coyote.http11.Http11NioProtocol - Initializing ProtocolHandler ["http-nio-8080"]
2025-11-24T09:23:47,976 [] [main] INFO  org.apache.catalina.core.StandardService - Starting service [Tomcat]
2025-11-24T09:23:47,976 [] [main] INFO  org.apache.catalina.core.StandardEngine - Starting Servlet engine: [Apache Tomcat/10.1.49]
2025-11-24T09:23:48,041 [] [main] INFO  org.apache.catalina.core.ContainerBase.[Tomcat].[localhost].[/] - Initializing Spring embedded WebApplicationContext
2025-11-24T09:23:48,047 [] [main] INFO  org.springframework.boot.web.servlet.context.ServletWebServerApplicationContext - Root WebApplicationContext: initialization completed in 2622 ms
2025-11-24T09:23:50,264 [] [main] INFO  org.springframework.boot.actuate.endpoint.web.EndpointLinksResolver - Exposing 3 endpoints beneath base path '/actuator'
2025-11-24T09:23:50,342 [] [main] INFO  org.apache.coyote.http11.Http11NioProtocol - Starting ProtocolHandler ["http-nio-8080"]
2025-11-24T09:23:50,384 [] [main] INFO  org.springframework.boot.web.embedded.tomcat.TomcatWebServer - Tomcat started on port 8080 (http) with context path '/'
2025-11-24T09:23:50,405 [] [main] INFO  com.murali.customer_service.CustomerServiceApplication - Started CustomerServiceApplication in 5.933 seconds (process running for 7.913)
2025-11-24T09:24:25,348 [] [http-nio-8080-exec-1] INFO  org.apache.catalina.core.ContainerBase.[Tomcat].[localhost].[/] - Initializing Spring DispatcherServlet 'dispatcherServlet'
2025-11-24T09:24:25,349 [] [http-nio-8080-exec-1] INFO  org.springframework.web.servlet.DispatcherServlet - Initializing Servlet 'dispatcherServlet'
2025-11-24T09:24:25,351 [] [http-nio-8080-exec-1] INFO  org.springframework.web.servlet.DispatcherServlet - Completed initialization in 2 ms
2025-11-24T09:24:25,430 [] [http-nio-8080-exec-1] INFO  com.murali.customer_service.exception.GlobalExceptionHandler - NotFound requestId=4fb10897-43e3-4c97-80ef-ea195df777ac: test-resource not found
2025-11-24T09:47:37,692 [] [http-nio-8080-exec-1] DEBUG io.github.resilience4j.spring6.circuitbreaker.configure.CircuitBreakerAspect - Created or retrieved circuit breaker 'customerServiceCB' with failure rate '50.0' for method: 'com.murali.customer_service.service.CustomerService#getCustomers'
2025-11-24T09:47:37,698 [] [http-nio-8080-exec-1] DEBUG io.github.resilience4j.circuitbreaker.internal.CircuitBreakerStateMachine - CircuitBreaker 'customerServiceCB' succeeded:
2025-11-24T09:47:37,700 [] [http-nio-8080-exec-1] DEBUG io.github.resilience4j.circuitbreaker.internal.CircuitBreakerStateMachine - Event SUCCESS published: 2025-11-24T09:47:37.698960100+05:30[Asia/Calcutta]: CircuitBreaker 'customerServiceCB' recorded a successful call. Elapsed time: 0 ms
2025-11-24T09:47:41,140 [] [http-nio-8080-exec-3] DEBUG io.github.resilience4j.spring6.circuitbreaker.configure.CircuitBreakerAspect - Created or retrieved circuit breaker 'customerCB' with failure rate '50.0' for method: 'com.murali.customer_service.service.CustomerService#getCustomers'
2025-11-24T09:47:41,141 [] [http-nio-8080-exec-3] DEBUG io.github.resilience4j.circuitbreaker.internal.CircuitBreakerStateMachine - CircuitBreaker 'customerCB' succeeded:
2025-11-24T09:47:41,141 [] [http-nio-8080-exec-3] DEBUG io.github.resilience4j.circuitbreaker.internal.CircuitBreakerStateMachine - Event SUCCESS published: 2025-11-24T09:47:41.141879300+05:30[Asia/Calcutta]: CircuitBreaker 'customerCB' recorded a successful call. Elapsed time: 0 ms
2025-11-24T10:03:13,757 [] [SpringApplicationShutdownHook] INFO  org.springframework.boot.web.embedded.tomcat.GracefulShutdown - Commencing graceful shutdown. Waiting for active requests to complete
2025-11-24T10:03:13,786 [] [tomcat-shutdown] INFO  org.springframework.boot.web.embedded.tomcat.GracefulShutdown - Graceful shutdown complete
2025-11-24T12:51:27,798 [] [main] INFO  com.murali.customer_service.CustomerServiceApplication - Starting CustomerServiceApplication using Java 21.0.9 with PID 4720 (D:\1. ABrainCode\ProjectHub\SprinbootMicro\workspace\customer-service\target\classes started by murali.p in D:\1. ABrainCode\ProjectHub\SprinbootMicro\workspace\customer-service)
2025-11-24T12:51:27,818 [] [main] DEBUG com.murali.customer_service.CustomerServiceApplication - Running with Spring Boot v3.4.12, Spring v6.2.14
2025-11-24T12:51:27,820 [] [main] INFO  com.murali.customer_service.CustomerServiceApplication - No active profile set, falling back to 1 default profile: "default"
2025-11-24T12:51:29,247 [] [main] DEBUG io.github.resilience4j.spring6.utils.RxJava2OnClasspathCondition - RxJava2 related Aspect extensions are not activated, because RxJava2 is not on the classpath.
2025-11-24T12:51:29,247 [] [main] DEBUG io.github.resilience4j.spring6.utils.RxJava3OnClasspathCondition - RxJava3 related Aspect extensions are not activated, because RxJava3 is not on the classpath.
2025-11-24T12:51:29,249 [] [main] DEBUG io.github.resilience4j.spring6.utils.ReactorOnClasspathCondition - Reactor related Aspect extensions are not activated because Reactor is not on the classpath.
2025-11-24T12:51:29,262 [] [main] DEBUG io.github.resilience4j.spring6.utils.RxJava2OnClasspathCondition - RxJava2 related Aspect extensions are not activated, because RxJava2 is not on the classpath.
2025-11-24T12:51:29,262 [] [main] DEBUG io.github.resilience4j.spring6.utils.RxJava3OnClasspathCondition - RxJava3 related Aspect extensions are not activated, because RxJava3 is not on the classpath.
2025-11-24T12:51:29,262 [] [main] DEBUG io.github.resilience4j.spring6.utils.ReactorOnClasspathCondition - Reactor related Aspect extensions are not activated because Reactor is not on the classpath.
2025-11-24T12:51:29,304 [] [main] DEBUG io.github.resilience4j.spring6.utils.RxJava2OnClasspathCondition - RxJava2 related Aspect extensions are not activated, because RxJava2 is not on the classpath.
2025-11-24T12:51:29,304 [] [main] DEBUG io.github.resilience4j.spring6.utils.RxJava3OnClasspathCondition - RxJava3 related Aspect extensions are not activated, because RxJava3 is not on the classpath.
2025-11-24T12:51:29,304 [] [main] DEBUG io.github.resilience4j.spring6.utils.ReactorOnClasspathCondition - Reactor related Aspect extensions are not activated because Reactor is not on the classpath.
2025-11-24T12:51:29,326 [] [main] DEBUG io.github.resilience4j.spring6.utils.RxJava2OnClasspathCondition - RxJava2 related Aspect extensions are not activated, because RxJava2 is not on the classpath.
2025-11-24T12:51:29,329 [] [main] DEBUG io.github.resilience4j.spring6.utils.RxJava3OnClasspathCondition - RxJava3 related Aspect extensions are not activated, because RxJava3 is not on the classpath.
2025-11-24T12:51:29,329 [] [main] DEBUG io.github.resilience4j.spring6.utils.ReactorOnClasspathCondition - Reactor related Aspect extensions are not activated because Reactor is not on the classpath.
2025-11-24T12:51:29,343 [] [main] DEBUG io.github.resilience4j.spring6.utils.RxJava2OnClasspathCondition - RxJava2 related Aspect extensions are not activated, because RxJava2 is not on the classpath.
2025-11-24T12:51:29,343 [] [main] DEBUG io.github.resilience4j.spring6.utils.RxJava3OnClasspathCondition - RxJava3 related Aspect extensions are not activated, because RxJava3 is not on the classpath.
2025-11-24T12:51:29,343 [] [main] DEBUG io.github.resilience4j.spring6.utils.ReactorOnClasspathCondition - Reactor related Aspect extensions are not activated because Reactor is not on the classpath.
2025-11-24T12:51:29,368 [] [main] DEBUG io.github.resilience4j.spring6.utils.RxJava2OnClasspathCondition - RxJava2 related Aspect extensions are not activated, because RxJava2 is not on the classpath.
2025-11-24T12:51:29,368 [] [main] DEBUG io.github.resilience4j.spring6.utils.RxJava3OnClasspathCondition - RxJava3 related Aspect extensions are not activated, because RxJava3 is not on the classpath.
2025-11-24T12:51:29,368 [] [main] DEBUG io.github.resilience4j.spring6.utils.ReactorOnClasspathCondition - Reactor related Aspect extensions are not activated because Reactor is not on the classpath.
2025-11-24T12:51:29,388 [] [main] DEBUG io.github.resilience4j.spring6.utils.RxJava2OnClasspathCondition - RxJava2 related Aspect extensions are not activated, because RxJava2 is not on the classpath.
2025-11-24T12:51:29,388 [] [main] DEBUG io.github.resilience4j.spring6.utils.RxJava3OnClasspathCondition - RxJava3 related Aspect extensions are not activated, because RxJava3 is not on the classpath.
2025-11-24T12:51:29,388 [] [main] DEBUG io.github.resilience4j.spring6.utils.ReactorOnClasspathCondition - Reactor related Aspect extensions are not activated because Reactor is not on the classpath.
2025-11-24T12:51:31,080 [] [main] INFO  org.springframework.boot.web.embedded.tomcat.TomcatWebServer - Tomcat initialized with port 8080 (http)
2025-11-24T12:51:31,115 [] [main] INFO  org.apache.coyote.http11.Http11NioProtocol - Initializing ProtocolHandler ["http-nio-8080"]
2025-11-24T12:51:31,118 [] [main] INFO  org.apache.catalina.core.StandardService - Starting service [Tomcat]
2025-11-24T12:51:31,120 [] [main] INFO  org.apache.catalina.core.StandardEngine - Starting Servlet engine: [Apache Tomcat/10.1.49]
2025-11-24T12:51:31,266 [] [main] INFO  org.apache.catalina.core.ContainerBase.[Tomcat].[localhost].[/] - Initializing Spring embedded WebApplicationContext
2025-11-24T12:51:31,290 [] [main] INFO  org.springframework.boot.web.servlet.context.ServletWebServerApplicationContext - Root WebApplicationContext: initialization completed in 3334 ms
2025-11-24T12:51:34,969 [] [main] INFO  org.springframework.boot.actuate.endpoint.web.EndpointLinksResolver - Exposing 3 endpoints beneath base path '/actuator'
2025-11-24T12:51:35,109 [] [main] INFO  org.apache.coyote.http11.Http11NioProtocol - Starting ProtocolHandler ["http-nio-8080"]
2025-11-24T12:51:35,177 [] [main] INFO  org.springframework.boot.web.embedded.tomcat.TomcatWebServer - Tomcat started on port 8080 (http) with context path '/'
2025-11-24T12:51:35,219 [] [main] INFO  com.murali.customer_service.CustomerServiceApplication - Started CustomerServiceApplication in 8.064 seconds (process running for 9.939)
2025-11-24T12:51:56,598 [] [http-nio-8080-exec-1] INFO  org.apache.catalina.core.ContainerBase.[Tomcat].[localhost].[/] - Initializing Spring DispatcherServlet 'dispatcherServlet'
2025-11-24T12:51:56,599 [] [http-nio-8080-exec-1] INFO  org.springframework.web.servlet.DispatcherServlet - Initializing Servlet 'dispatcherServlet'
2025-11-24T12:51:56,602 [] [http-nio-8080-exec-1] INFO  org.springframework.web.servlet.DispatcherServlet - Completed initialization in 2 ms
